<?xml version="1.0" encoding="utf-8"?>
<TestRun id="9f60d62b-a7bc-4f72-ae02-837cc9d0db3e" name="shuri@DESKTOP-BQPLF6I 2025-11-09 17:35:40" runUser="DESKTOP-BQPLF6I\shuri" xmlns="http://microsoft.com/schemas/VisualStudio/TeamTest/2010">
  <Times creation="2025-11-09T17:35:40.4198433-05:00" queuing="2025-11-09T17:35:40.4198435-05:00" start="2025-11-09T17:35:39.9029046-05:00" finish="2025-11-09T17:35:48.4908691-05:00" />
  <TestSettings name="default" id="8e35cad2-9e0e-4a62-ac61-fe4b87605410">
    <Deployment runDeploymentRoot="shuri_DESKTOP-BQPLF6I_2025-11-09_17_35_40" />
  </TestSettings>
  <Results>
    <UnitTestResult executionId="2cfe4368-9a9f-45fd-abe9-b22de6024526" testId="4be3babe-cc5e-0288-8e04-d4f2af7715a7" testName="Game.Chess.Tests.Unit.ActionsTimelineTests.CandidateActionsTimeline_TurnsXXSeedYYPieceZZ_MatchesReference(turnCount: 64, seed: 1234, pieceAttributeOverride: Rook)" computerName="DESKTOP-BQPLF6I" duration="00:00:00.0101811" startTime="2025-11-09T17:35:40.3324850-05:00" endTime="2025-11-09T17:35:40.3324853-05:00" testType="13cdc9d9-ddb5-4fa4-a97d-d965ccfc6d4b" outcome="Passed" testListId="8c84fa94-04c1-424b-9868-57a2d4851a1d" relativeResultsDirectory="2cfe4368-9a9f-45fd-abe9-b22de6024526" />
    <UnitTestResult executionId="051c8934-699a-4d19-9a8e-c750f56c705e" testId="a229c833-02de-2b45-78a2-522df8fbaf0a" testName="Game.Chess.Tests.Unit.ActionsTimelineTests.ActionsTimeline_TurnsXXSeedYYPieceZZ_MatchesReference(turnCount: 64, seed: 1234, pieceAttributeOverride: Pawn)" computerName="DESKTOP-BQPLF6I" duration="00:00:00.0020686" startTime="2025-11-09T17:35:40.3953640-05:00" endTime="2025-11-09T17:35:40.3953641-05:00" testType="13cdc9d9-ddb5-4fa4-a97d-d965ccfc6d4b" outcome="Passed" testListId="8c84fa94-04c1-424b-9868-57a2d4851a1d" relativeResultsDirectory="051c8934-699a-4d19-9a8e-c750f56c705e" />
    <UnitTestResult executionId="0544fe75-0da1-4bd2-84fb-955f33823e3e" testId="522cf19c-fb1f-8f81-4127-8e02e01c5ca1" testName="Game.Chess.Tests.Unit.ActionsTimelineTests.ActionsTimeline_TurnsXXSeedYYPieceZZ_MatchesReference(turnCount: 64, seed: 1234, pieceAttributeOverride: King)" computerName="DESKTOP-BQPLF6I" duration="00:00:00.0033394" startTime="2025-11-09T17:35:40.3987287-05:00" endTime="2025-11-09T17:35:40.3987288-05:00" testType="13cdc9d9-ddb5-4fa4-a97d-d965ccfc6d4b" outcome="Passed" testListId="8c84fa94-04c1-424b-9868-57a2d4851a1d" relativeResultsDirectory="0544fe75-0da1-4bd2-84fb-955f33823e3e" />
    <UnitTestResult executionId="1dd93465-b634-415f-aab2-1d48af724607" testId="0f01ec98-51f7-a0f9-8eef-1a9efb9837dd" testName="Game.Chess.Tests.Unit.ActionsTimelineTests.ActionsTimeline_TurnsXXSeedYYPieceZZ_MatchesReference(turnCount: 64, seed: 2345, pieceAttributeOverride: None)" computerName="DESKTOP-BQPLF6I" duration="00:00:00.0026530" startTime="2025-11-09T17:35:40.3868612-05:00" endTime="2025-11-09T17:35:40.3868612-05:00" testType="13cdc9d9-ddb5-4fa4-a97d-d965ccfc6d4b" outcome="Passed" testListId="8c84fa94-04c1-424b-9868-57a2d4851a1d" relativeResultsDirectory="1dd93465-b634-415f-aab2-1d48af724607" />
    <UnitTestResult executionId="3b7d1326-0499-4354-ae59-84087db6c221" testId="d8bebe35-5318-a117-fc9c-c7015408a50b" testName="Game.Chess.Tests.Unit.ActionsTimelineTests.CandidateActionsTimeline_TurnsXXSeedYYPieceZZ_MatchesReference(turnCount: 64, seed: 1234, pieceAttributeOverride: King)" computerName="DESKTOP-BQPLF6I" duration="00:00:00.0061753" startTime="2025-11-09T17:35:40.3476510-05:00" endTime="2025-11-09T17:35:40.3476511-05:00" testType="13cdc9d9-ddb5-4fa4-a97d-d965ccfc6d4b" outcome="Passed" testListId="8c84fa94-04c1-424b-9868-57a2d4851a1d" relativeResultsDirectory="3b7d1326-0499-4354-ae59-84087db6c221" />
    <UnitTestResult executionId="712a9529-208f-4c47-b933-36bb030313fe" testId="48fb08db-cb85-1f56-e62b-fa0cbaa5f119" testName="Game.Chess.Tests.Unit.ActionsTimelineTests.ActionsTimeline_TurnsXXSeedYYPieceZZ_MatchesReference(turnCount: 64, seed: 1234, pieceAttributeOverride: Knight)" computerName="DESKTOP-BQPLF6I" duration="00:00:00.0036487" startTime="2025-11-09T17:35:40.3868377-05:00" endTime="2025-11-09T17:35:40.3868377-05:00" testType="13cdc9d9-ddb5-4fa4-a97d-d965ccfc6d4b" outcome="Passed" testListId="8c84fa94-04c1-424b-9868-57a2d4851a1d" relativeResultsDirectory="712a9529-208f-4c47-b933-36bb030313fe" />
    <UnitTestResult executionId="3477821d-608e-4d51-af09-1f4e9e1ce9cf" testId="dcbe294c-3343-b2f6-b749-851a0f03798b" testName="Game.Chess.Tests.Unit.ChessPolicyTests.BoardInitialization_CreatesCorrectStartingPositions" computerName="DESKTOP-BQPLF6I" duration="00:00:00.0024668" startTime="2025-11-09T17:35:44.3816452-05:00" endTime="2025-11-09T17:35:44.3816453-05:00" testType="13cdc9d9-ddb5-4fa4-a97d-d965ccfc6d4b" outcome="Passed" testListId="8c84fa94-04c1-424b-9868-57a2d4851a1d" relativeResultsDirectory="3477821d-608e-4d51-af09-1f4e9e1ce9cf" />
    <UnitTestResult executionId="4e5cd4cf-8377-4d8e-8b81-9148b0c5c16b" testId="a6d48ba8-54e5-9e22-775b-2e00d873e204" testName="Game.Chess.Tests.Unit.ActionsTimelineTests.ActionsTimeline_TurnsXXSeedYYPieceZZ_MatchesReference(turnCount: 64, seed: 1234, pieceAttributeOverride: Bishop)" computerName="DESKTOP-BQPLF6I" duration="00:00:00.0023595" startTime="2025-11-09T17:35:40.3932676-05:00" endTime="2025-11-09T17:35:40.3932678-05:00" testType="13cdc9d9-ddb5-4fa4-a97d-d965ccfc6d4b" outcome="Passed" testListId="8c84fa94-04c1-424b-9868-57a2d4851a1d" relativeResultsDirectory="4e5cd4cf-8377-4d8e-8b81-9148b0c5c16b" />
    <UnitTestResult executionId="6cb1fa8d-c39f-486b-ac6f-df2d148b0986" testId="3e1832a6-c571-dc93-e843-1461477b192d" testName="Game.Chess.Tests.Unit.ActionsTimelineTests.CandidateActionsTimeline_TurnsXXSeedYYPieceZZ_MatchesReference(turnCount: 64, seed: 1234, pieceAttributeOverride: Pawn)" computerName="DESKTOP-BQPLF6I" duration="00:00:00.0252729" startTime="2025-11-09T17:35:40.3165396-05:00" endTime="2025-11-09T17:35:40.3165520-05:00" testType="13cdc9d9-ddb5-4fa4-a97d-d965ccfc6d4b" outcome="Passed" testListId="8c84fa94-04c1-424b-9868-57a2d4851a1d" relativeResultsDirectory="6cb1fa8d-c39f-486b-ac6f-df2d148b0986" />
    <UnitTestResult executionId="e3b9251d-4c95-4c51-8e69-1bd91664002b" testId="fbe58d07-1871-336b-3aaf-5ab6e3736614" testName="Game.Chess.Tests.Unit.ActionsTimelineTests.CandidateActionsTimeline_TurnsXXSeedYYPieceZZ_MatchesReference(turnCount: 64, seed: 2345, pieceAttributeOverride: None)" computerName="DESKTOP-BQPLF6I" duration="00:00:00.0043004" startTime="2025-11-09T17:35:40.3414465-05:00" endTime="2025-11-09T17:35:40.3414466-05:00" testType="13cdc9d9-ddb5-4fa4-a97d-d965ccfc6d4b" outcome="Passed" testListId="8c84fa94-04c1-424b-9868-57a2d4851a1d" relativeResultsDirectory="e3b9251d-4c95-4c51-8e69-1bd91664002b" />
    <UnitTestResult executionId="b80ee8dd-1f0e-44e4-a8aa-bdcfef86968e" testId="7c17a7d5-c4d7-4a92-db99-2f5a669a356e" testName="Game.Chess.Tests.Unit.ActionsTimelineTests.ActionsTimeline_TurnsXXSeedYYPieceZZ_MatchesReference(turnCount: 64, seed: 3456, pieceAttributeOverride: None)" computerName="DESKTOP-BQPLF6I" duration="00:00:00.0027261" startTime="2025-11-09T17:35:40.3908986-05:00" endTime="2025-11-09T17:35:40.3908989-05:00" testType="13cdc9d9-ddb5-4fa4-a97d-d965ccfc6d4b" outcome="Passed" testListId="8c84fa94-04c1-424b-9868-57a2d4851a1d" relativeResultsDirectory="b80ee8dd-1f0e-44e4-a8aa-bdcfef86968e" />
    <UnitTestResult executionId="2c9cd13d-5efb-4e2d-8ac1-9e3c1ff7a59b" testId="647308b2-859d-4d08-4d7f-94e7933d3027" testName="Game.Chess.Tests.Unit.ActionsTimelineTests.ActionsTimeline_TurnsXXSeedYYPieceZZ_MatchesReference(turnCount: 64, seed: 1234, pieceAttributeOverride: Queen)" computerName="DESKTOP-BQPLF6I" duration="00:00:00.0041540" startTime="2025-11-09T17:35:40.3869043-05:00" endTime="2025-11-09T17:35:40.3869044-05:00" testType="13cdc9d9-ddb5-4fa4-a97d-d965ccfc6d4b" outcome="Passed" testListId="8c84fa94-04c1-424b-9868-57a2d4851a1d" relativeResultsDirectory="2c9cd13d-5efb-4e2d-8ac1-9e3c1ff7a59b" />
    <UnitTestResult executionId="edde6fd7-8e47-4a2d-84ee-996361a903b4" testId="1e81851f-c31e-a4aa-588f-66e8539cb349" testName="Game.Chess.Tests.Unit.ChessPolicyTests.GetPerspectives_AssignsGenericFlagsCorrectly" computerName="DESKTOP-BQPLF6I" duration="00:00:02.0603044" startTime="2025-11-09T17:35:42.3545054-05:00" endTime="2025-11-09T17:35:42.3545057-05:00" testType="13cdc9d9-ddb5-4fa4-a97d-d965ccfc6d4b" outcome="Failed" testListId="8c84fa94-04c1-424b-9868-57a2d4851a1d" relativeResultsDirectory="edde6fd7-8e47-4a2d-84ee-996361a903b4">
      <Output>
        <ErrorInfo>
          <Message>System.Net.Sockets.SocketException : No connection could be made because the target machine actively refused it. 127.0.0.1:5567</Message>
          <StackTrace>   at System.Net.Sockets.Socket.DoConnect(EndPoint endPointSnapshot, SocketAddress socketAddress)&#xD;
   at System.Net.Sockets.Socket.Connect(EndPoint remoteEP)&#xD;
   at Microsoft.Spark.Network.DefaultSocketWrapper.Connect(IPAddress remoteaddr, Int32 port, String secret) in /_/src/csharp/Microsoft.Spark/Network/DefaultSocketWrapper.cs:line 75&#xD;
   at Microsoft.Spark.Interop.Ipc.JvmBridge.GetConnection() in /_/src/csharp/Microsoft.Spark/Interop/Ipc/JvmBridge.cs:line 82&#xD;
   at Microsoft.Spark.Interop.Ipc.JvmBridge.CallJavaMethod(Boolean isStatic, Object classNameOrJvmObjectReference, String methodName, Object[] args) in /_/src/csharp/Microsoft.Spark/Interop/Ipc/JvmBridge.cs:line 224&#xD;
   at Microsoft.Spark.Interop.Ipc.JvmBridge.CallStaticJavaMethod(String className, String methodName, Object[] args) in /_/src/csharp/Microsoft.Spark/Interop/Ipc/JvmBridge.cs:line 108&#xD;
   at Microsoft.Spark.Sql.Builder..ctor() in /_/src/csharp/Microsoft.Spark/Sql/Builder.cs:line 21&#xD;
   at Microsoft.Spark.Sql.SparkSession.Builder() in /_/src/csharp/Microsoft.Spark/Sql/SparkSession.cs:line 60&#xD;
   at Game.Chess.Tests.Unit.ChessPolicyTests.get_Spark() in C:\___work\game\tests\Game.Chess.Tests.Unit\PolicyTests.cs:line 30&#xD;
   at Game.Chess.Tests.Unit.ChessPolicyTests.get_Policy() in C:\___work\game\tests\Game.Chess.Tests.Unit\PolicyTests.cs:line 47&#xD;
   at Game.Chess.Tests.Unit.ChessPolicyTests.GetPerspectives_AssignsGenericFlagsCorrectly() in C:\___work\game\tests\Game.Chess.Tests.Unit\PolicyTests.cs:line 106&#xD;
   at System.RuntimeMethodHandle.InvokeMethod(Object target, Void** arguments, Signature sig, Boolean isConstructor)&#xD;
   at System.Reflection.MethodBaseInvoker.InvokeWithNoArgs(Object obj, BindingFlags invokeAttr)</StackTrace>
        </ErrorInfo>
      </Output>
    </UnitTestResult>
    <UnitTestResult executionId="1071d397-8f65-4850-962b-30552aac6282" testId="13a9a524-b49c-5bcf-1fdc-5edc5bcaf76f" testName="Game.Chess.Tests.Unit.ActionsTimelineTests.ActionsTimeline_TurnsXXSeedYYPieceZZ_MatchesReference(turnCount: 64, seed: 1234, pieceAttributeOverride: Rook)" computerName="DESKTOP-BQPLF6I" duration="00:00:00.0026805" startTime="2025-11-09T17:35:40.3881070-05:00" endTime="2025-11-09T17:35:40.3881071-05:00" testType="13cdc9d9-ddb5-4fa4-a97d-d965ccfc6d4b" outcome="Passed" testListId="8c84fa94-04c1-424b-9868-57a2d4851a1d" relativeResultsDirectory="1071d397-8f65-4850-962b-30552aac6282" />
    <UnitTestResult executionId="b186ad08-fe7a-4687-9766-7d69018f2411" testId="0adabe27-1dd5-d799-6fe7-1f055244a551" testName="Game.Chess.Tests.Unit.ActionsTimelineTests.CandidateActionsTimeline_TurnsXXSeedYYPieceZZ_MatchesReference(turnCount: 64, seed: 1234, pieceAttributeOverride: Bishop)" computerName="DESKTOP-BQPLF6I" duration="00:00:00.0045863" startTime="2025-11-09T17:35:40.3371214-05:00" endTime="2025-11-09T17:35:40.3371215-05:00" testType="13cdc9d9-ddb5-4fa4-a97d-d965ccfc6d4b" outcome="Passed" testListId="8c84fa94-04c1-424b-9868-57a2d4851a1d" relativeResultsDirectory="b186ad08-fe7a-4687-9766-7d69018f2411" />
    <UnitTestResult executionId="3d8adcf3-5c93-4fe8-aa09-e25c91e3dd1d" testId="81e4a701-5ac0-650e-95b7-7b9ce9833ca8" testName="Game.Chess.Tests.Unit.ChessPolicyTests.TimelineService_GeneratesCorrectTimesteps" computerName="DESKTOP-BQPLF6I" duration="00:00:02.0365340" startTime="2025-11-09T17:35:46.4191196-05:00" endTime="2025-11-09T17:35:46.4191199-05:00" testType="13cdc9d9-ddb5-4fa4-a97d-d965ccfc6d4b" outcome="Failed" testListId="8c84fa94-04c1-424b-9868-57a2d4851a1d" relativeResultsDirectory="3d8adcf3-5c93-4fe8-aa09-e25c91e3dd1d">
      <Output>
        <ErrorInfo>
          <Message>System.Net.Sockets.SocketException : No connection could be made because the target machine actively refused it. 127.0.0.1:5567</Message>
          <StackTrace>   at System.Net.Sockets.Socket.DoConnect(EndPoint endPointSnapshot, SocketAddress socketAddress)&#xD;
   at System.Net.Sockets.Socket.Connect(EndPoint remoteEP)&#xD;
   at Microsoft.Spark.Network.DefaultSocketWrapper.Connect(IPAddress remoteaddr, Int32 port, String secret) in /_/src/csharp/Microsoft.Spark/Network/DefaultSocketWrapper.cs:line 75&#xD;
   at Microsoft.Spark.Interop.Ipc.JvmBridge.GetConnection() in /_/src/csharp/Microsoft.Spark/Interop/Ipc/JvmBridge.cs:line 82&#xD;
   at Microsoft.Spark.Interop.Ipc.JvmBridge.CallJavaMethod(Boolean isStatic, Object classNameOrJvmObjectReference, String methodName, Object[] args) in /_/src/csharp/Microsoft.Spark/Interop/Ipc/JvmBridge.cs:line 224&#xD;
   at Microsoft.Spark.Interop.Ipc.JvmBridge.CallStaticJavaMethod(String className, String methodName, Object[] args) in /_/src/csharp/Microsoft.Spark/Interop/Ipc/JvmBridge.cs:line 108&#xD;
   at Microsoft.Spark.Sql.Builder..ctor() in /_/src/csharp/Microsoft.Spark/Sql/Builder.cs:line 21&#xD;
   at Microsoft.Spark.Sql.SparkSession.Builder() in /_/src/csharp/Microsoft.Spark/Sql/SparkSession.cs:line 60&#xD;
   at Game.Chess.Tests.Unit.ChessPolicyTests.get_Spark() in C:\___work\game\tests\Game.Chess.Tests.Unit\PolicyTests.cs:line 30&#xD;
   at Game.Chess.Tests.Unit.ChessPolicyTests.get_Policy() in C:\___work\game\tests\Game.Chess.Tests.Unit\PolicyTests.cs:line 47&#xD;
   at Game.Chess.Tests.Unit.ChessPolicyTests.TimelineService_GeneratesCorrectTimesteps() in C:\___work\game\tests\Game.Chess.Tests.Unit\PolicyTests.cs:line 126&#xD;
   at System.RuntimeMethodHandle.InvokeMethod(Object target, Void** arguments, Signature sig, Boolean isConstructor)&#xD;
   at System.Reflection.MethodBaseInvoker.InvokeWithNoArgs(Object obj, BindingFlags invokeAttr)</StackTrace>
        </ErrorInfo>
      </Output>
    </UnitTestResult>
    <UnitTestResult executionId="6bb10ad9-8dc5-4a68-bd01-f6b1408b99a5" testId="c1b11a87-c86b-8e20-dc4e-35091a03d984" testName="Game.Chess.Tests.Unit.ActionsTimelineTests.CandidateActionsTimeline_TurnsXXSeedYYPieceZZ_MatchesReference(turnCount: 64, seed: 1234, pieceAttributeOverride: Knight)" computerName="DESKTOP-BQPLF6I" duration="00:00:00.0058866" startTime="2025-11-09T17:35:40.3652258-05:00" endTime="2025-11-09T17:35:40.3652259-05:00" testType="13cdc9d9-ddb5-4fa4-a97d-d965ccfc6d4b" outcome="Passed" testListId="8c84fa94-04c1-424b-9868-57a2d4851a1d" relativeResultsDirectory="6bb10ad9-8dc5-4a68-bd01-f6b1408b99a5" />
    <UnitTestResult executionId="128928e5-f082-4adb-a837-65f136bcafcf" testId="291f31df-ce40-25ad-7198-640d1b5b7e62" testName="Game.Chess.Tests.Unit.ActionsTimelineTests.ActionsTimeline_TurnsXXSeedYYPieceZZ_MatchesReference(turnCount: 64, seed: 1234, pieceAttributeOverride: None)" computerName="DESKTOP-BQPLF6I" duration="00:00:00.0045704" startTime="2025-11-09T17:35:40.3868806-05:00" endTime="2025-11-09T17:35:40.3868806-05:00" testType="13cdc9d9-ddb5-4fa4-a97d-d965ccfc6d4b" outcome="Passed" testListId="8c84fa94-04c1-424b-9868-57a2d4851a1d" relativeResultsDirectory="128928e5-f082-4adb-a837-65f136bcafcf" />
    <UnitTestResult executionId="9387f0b2-b7a8-408e-b7a9-a77142cf2d8c" testId="0971f87e-9a6e-15ce-41f3-779876188b55" testName="Game.Chess.Tests.Unit.ActionsTimelineTests.CandidateActionsTimeline_TurnsXXSeedYYPieceZZ_MatchesReference(turnCount: 64, seed: 1234, pieceAttributeOverride: None)" computerName="DESKTOP-BQPLF6I" duration="00:00:00.0062096" startTime="2025-11-09T17:35:40.3222366-05:00" endTime="2025-11-09T17:35:40.3222367-05:00" testType="13cdc9d9-ddb5-4fa4-a97d-d965ccfc6d4b" outcome="Passed" testListId="8c84fa94-04c1-424b-9868-57a2d4851a1d" relativeResultsDirectory="9387f0b2-b7a8-408e-b7a9-a77142cf2d8c" />
    <UnitTestResult executionId="34bec101-9e8b-4c3c-840d-9a2303ace575" testId="f37dc7b3-eb74-ddfa-2245-a4d647430d70" testName="Game.Chess.Tests.Unit.ChessPolicyTests.PatternFactory_ReturnsPatterns" computerName="DESKTOP-BQPLF6I" duration="00:00:02.0278896" startTime="2025-11-09T17:35:44.3800525-05:00" endTime="2025-11-09T17:35:44.3800528-05:00" testType="13cdc9d9-ddb5-4fa4-a97d-d965ccfc6d4b" outcome="Failed" testListId="8c84fa94-04c1-424b-9868-57a2d4851a1d" relativeResultsDirectory="34bec101-9e8b-4c3c-840d-9a2303ace575">
      <Output>
        <ErrorInfo>
          <Message>System.Net.Sockets.SocketException : No connection could be made because the target machine actively refused it. 127.0.0.1:5567</Message>
          <StackTrace>   at System.Net.Sockets.Socket.DoConnect(EndPoint endPointSnapshot, SocketAddress socketAddress)&#xD;
   at System.Net.Sockets.Socket.Connect(EndPoint remoteEP)&#xD;
   at Microsoft.Spark.Network.DefaultSocketWrapper.Connect(IPAddress remoteaddr, Int32 port, String secret) in /_/src/csharp/Microsoft.Spark/Network/DefaultSocketWrapper.cs:line 75&#xD;
   at Microsoft.Spark.Interop.Ipc.JvmBridge.GetConnection() in /_/src/csharp/Microsoft.Spark/Interop/Ipc/JvmBridge.cs:line 82&#xD;
   at Microsoft.Spark.Interop.Ipc.JvmBridge.CallJavaMethod(Boolean isStatic, Object classNameOrJvmObjectReference, String methodName, Object[] args) in /_/src/csharp/Microsoft.Spark/Interop/Ipc/JvmBridge.cs:line 224&#xD;
   at Microsoft.Spark.Interop.Ipc.JvmBridge.CallStaticJavaMethod(String className, String methodName, Object[] args) in /_/src/csharp/Microsoft.Spark/Interop/Ipc/JvmBridge.cs:line 108&#xD;
   at Microsoft.Spark.Sql.Builder..ctor() in /_/src/csharp/Microsoft.Spark/Sql/Builder.cs:line 21&#xD;
   at Microsoft.Spark.Sql.SparkSession.Builder() in /_/src/csharp/Microsoft.Spark/Sql/SparkSession.cs:line 60&#xD;
   at Game.Chess.Tests.Unit.ChessPolicyTests.get_Spark() in C:\___work\game\tests\Game.Chess.Tests.Unit\PolicyTests.cs:line 30&#xD;
   at Game.Chess.Tests.Unit.ChessPolicyTests.PatternFactory_ReturnsPatterns() in C:\___work\game\tests\Game.Chess.Tests.Unit\PolicyTests.cs:line 142&#xD;
   at System.RuntimeMethodHandle.InvokeMethod(Object target, Void** arguments, Signature sig, Boolean isConstructor)&#xD;
   at System.Reflection.MethodBaseInvoker.InvokeWithNoArgs(Object obj, BindingFlags invokeAttr)</StackTrace>
        </ErrorInfo>
      </Output>
    </UnitTestResult>
    <UnitTestResult executionId="962b9eb2-cbef-4e75-9120-6dc8b0afd339" testId="fdb3de55-a29c-0249-e2bd-354c9ba2ee19" testName="Game.Chess.Tests.Unit.ActionsTimelineTests.CandidateActionsTimeline_TurnsXXSeedYYPieceZZ_MatchesReference(turnCount: 64, seed: 3456, pieceAttributeOverride: None)" computerName="DESKTOP-BQPLF6I" duration="00:00:00.0047002" startTime="2025-11-09T17:35:40.3867020-05:00" endTime="2025-11-09T17:35:40.3867021-05:00" testType="13cdc9d9-ddb5-4fa4-a97d-d965ccfc6d4b" outcome="Passed" testListId="8c84fa94-04c1-424b-9868-57a2d4851a1d" relativeResultsDirectory="962b9eb2-cbef-4e75-9120-6dc8b0afd339" />
    <UnitTestResult executionId="f455d654-8fd0-4d59-b98c-44a71388928e" testId="d6346169-8aef-decc-1ac0-a19b496ec6c2" testName="Game.Chess.Tests.Unit.ChessPolicyTests.PieceFactory_ReturnsCorrectNumberOfRows" computerName="DESKTOP-BQPLF6I" duration="00:00:02.0286812" startTime="2025-11-09T17:35:48.4481486-05:00" endTime="2025-11-09T17:35:48.4481490-05:00" testType="13cdc9d9-ddb5-4fa4-a97d-d965ccfc6d4b" outcome="Failed" testListId="8c84fa94-04c1-424b-9868-57a2d4851a1d" relativeResultsDirectory="f455d654-8fd0-4d59-b98c-44a71388928e">
      <Output>
        <ErrorInfo>
          <Message>System.Net.Sockets.SocketException : No connection could be made because the target machine actively refused it. 127.0.0.1:5567</Message>
          <StackTrace>   at System.Net.Sockets.Socket.DoConnect(EndPoint endPointSnapshot, SocketAddress socketAddress)&#xD;
   at System.Net.Sockets.Socket.Connect(EndPoint remoteEP)&#xD;
   at Microsoft.Spark.Network.DefaultSocketWrapper.Connect(IPAddress remoteaddr, Int32 port, String secret) in /_/src/csharp/Microsoft.Spark/Network/DefaultSocketWrapper.cs:line 75&#xD;
   at Microsoft.Spark.Interop.Ipc.JvmBridge.GetConnection() in /_/src/csharp/Microsoft.Spark/Interop/Ipc/JvmBridge.cs:line 82&#xD;
   at Microsoft.Spark.Interop.Ipc.JvmBridge.CallJavaMethod(Boolean isStatic, Object classNameOrJvmObjectReference, String methodName, Object[] args) in /_/src/csharp/Microsoft.Spark/Interop/Ipc/JvmBridge.cs:line 224&#xD;
   at Microsoft.Spark.Interop.Ipc.JvmBridge.CallStaticJavaMethod(String className, String methodName, Object[] args) in /_/src/csharp/Microsoft.Spark/Interop/Ipc/JvmBridge.cs:line 108&#xD;
   at Microsoft.Spark.Sql.Builder..ctor() in /_/src/csharp/Microsoft.Spark/Sql/Builder.cs:line 21&#xD;
   at Microsoft.Spark.Sql.SparkSession.Builder() in /_/src/csharp/Microsoft.Spark/Sql/SparkSession.cs:line 60&#xD;
   at Game.Chess.Tests.Unit.ChessPolicyTests.get_Spark() in C:\___work\game\tests\Game.Chess.Tests.Unit\PolicyTests.cs:line 30&#xD;
   at Game.Chess.Tests.Unit.ChessPolicyTests.PieceFactory_ReturnsCorrectNumberOfRows() in C:\___work\game\tests\Game.Chess.Tests.Unit\PolicyTests.cs:line 90&#xD;
   at System.RuntimeMethodHandle.InvokeMethod(Object target, Void** arguments, Signature sig, Boolean isConstructor)&#xD;
   at System.Reflection.MethodBaseInvoker.InvokeWithNoArgs(Object obj, BindingFlags invokeAttr)</StackTrace>
        </ErrorInfo>
      </Output>
    </UnitTestResult>
    <UnitTestResult executionId="9ba94e4d-43ab-468b-b9cb-ee7a1c6f187b" testId="e18c7abc-24ad-a722-4b2c-e2218fb14b66" testName="Game.Chess.Tests.Unit.ActionsTimelineTests.CandidateActionsTimeline_TurnsXXSeedYYPieceZZ_MatchesReference(turnCount: 64, seed: 1234, pieceAttributeOverride: Queen)" computerName="DESKTOP-BQPLF6I" duration="00:00:00.0115921" startTime="2025-11-09T17:35:40.3593090-05:00" endTime="2025-11-09T17:35:40.3593093-05:00" testType="13cdc9d9-ddb5-4fa4-a97d-d965ccfc6d4b" outcome="Passed" testListId="8c84fa94-04c1-424b-9868-57a2d4851a1d" relativeResultsDirectory="9ba94e4d-43ab-468b-b9cb-ee7a1c6f187b" />
  </Results>
  <TestDefinitions>
    <UnitTest name="Game.Chess.Tests.Unit.ActionsTimelineTests.ActionsTimeline_TurnsXXSeedYYPieceZZ_MatchesReference(turnCount: 64, seed: 1234, pieceAttributeOverride: Pawn)" storage="c:\___work\game\tests\game.chess.tests.unit\bin\debug\net8.0\game.chess.tests.unit.dll" id="a229c833-02de-2b45-78a2-522df8fbaf0a">
      <Execution id="051c8934-699a-4d19-9a8e-c750f56c705e" />
      <TestMethod codeBase="C:\___work\game\tests\Game.Chess.Tests.Unit\bin\Debug\net8.0\Game.Chess.Tests.Unit.dll" adapterTypeName="executor://xunit/VsTestRunner2/netcoreapp" className="Game.Chess.Tests.Unit.ActionsTimelineTests" name="ActionsTimeline_TurnsXXSeedYYPieceZZ_MatchesReference" />
    </UnitTest>
    <UnitTest name="Game.Chess.Tests.Unit.ActionsTimelineTests.CandidateActionsTimeline_TurnsXXSeedYYPieceZZ_MatchesReference(turnCount: 64, seed: 1234, pieceAttributeOverride: Bishop)" storage="c:\___work\game\tests\game.chess.tests.unit\bin\debug\net8.0\game.chess.tests.unit.dll" id="0adabe27-1dd5-d799-6fe7-1f055244a551">
      <Execution id="b186ad08-fe7a-4687-9766-7d69018f2411" />
      <TestMethod codeBase="C:\___work\game\tests\Game.Chess.Tests.Unit\bin\Debug\net8.0\Game.Chess.Tests.Unit.dll" adapterTypeName="executor://xunit/VsTestRunner2/netcoreapp" className="Game.Chess.Tests.Unit.ActionsTimelineTests" name="CandidateActionsTimeline_TurnsXXSeedYYPieceZZ_MatchesReference" />
    </UnitTest>
    <UnitTest name="Game.Chess.Tests.Unit.ChessPolicyTests.GetPerspectives_AssignsGenericFlagsCorrectly" storage="c:\___work\game\tests\game.chess.tests.unit\bin\debug\net8.0\game.chess.tests.unit.dll" id="1e81851f-c31e-a4aa-588f-66e8539cb349">
      <Execution id="edde6fd7-8e47-4a2d-84ee-996361a903b4" />
      <TestMethod codeBase="C:\___work\game\tests\Game.Chess.Tests.Unit\bin\Debug\net8.0\Game.Chess.Tests.Unit.dll" adapterTypeName="executor://xunit/VsTestRunner2/netcoreapp" className="Game.Chess.Tests.Unit.ChessPolicyTests" name="GetPerspectives_AssignsGenericFlagsCorrectly" />
    </UnitTest>
    <UnitTest name="Game.Chess.Tests.Unit.ActionsTimelineTests.ActionsTimeline_TurnsXXSeedYYPieceZZ_MatchesReference(turnCount: 64, seed: 1234, pieceAttributeOverride: Knight)" storage="c:\___work\game\tests\game.chess.tests.unit\bin\debug\net8.0\game.chess.tests.unit.dll" id="48fb08db-cb85-1f56-e62b-fa0cbaa5f119">
      <Execution id="712a9529-208f-4c47-b933-36bb030313fe" />
      <TestMethod codeBase="C:\___work\game\tests\Game.Chess.Tests.Unit\bin\Debug\net8.0\Game.Chess.Tests.Unit.dll" adapterTypeName="executor://xunit/VsTestRunner2/netcoreapp" className="Game.Chess.Tests.Unit.ActionsTimelineTests" name="ActionsTimeline_TurnsXXSeedYYPieceZZ_MatchesReference" />
    </UnitTest>
    <UnitTest name="Game.Chess.Tests.Unit.ActionsTimelineTests.ActionsTimeline_TurnsXXSeedYYPieceZZ_MatchesReference(turnCount: 64, seed: 1234, pieceAttributeOverride: None)" storage="c:\___work\game\tests\game.chess.tests.unit\bin\debug\net8.0\game.chess.tests.unit.dll" id="291f31df-ce40-25ad-7198-640d1b5b7e62">
      <Execution id="128928e5-f082-4adb-a837-65f136bcafcf" />
      <TestMethod codeBase="C:\___work\game\tests\Game.Chess.Tests.Unit\bin\Debug\net8.0\Game.Chess.Tests.Unit.dll" adapterTypeName="executor://xunit/VsTestRunner2/netcoreapp" className="Game.Chess.Tests.Unit.ActionsTimelineTests" name="ActionsTimeline_TurnsXXSeedYYPieceZZ_MatchesReference" />
    </UnitTest>
    <UnitTest name="Game.Chess.Tests.Unit.ActionsTimelineTests.CandidateActionsTimeline_TurnsXXSeedYYPieceZZ_MatchesReference(turnCount: 64, seed: 3456, pieceAttributeOverride: None)" storage="c:\___work\game\tests\game.chess.tests.unit\bin\debug\net8.0\game.chess.tests.unit.dll" id="fdb3de55-a29c-0249-e2bd-354c9ba2ee19">
      <Execution id="962b9eb2-cbef-4e75-9120-6dc8b0afd339" />
      <TestMethod codeBase="C:\___work\game\tests\Game.Chess.Tests.Unit\bin\Debug\net8.0\Game.Chess.Tests.Unit.dll" adapterTypeName="executor://xunit/VsTestRunner2/netcoreapp" className="Game.Chess.Tests.Unit.ActionsTimelineTests" name="CandidateActionsTimeline_TurnsXXSeedYYPieceZZ_MatchesReference" />
    </UnitTest>
    <UnitTest name="Game.Chess.Tests.Unit.ChessPolicyTests.PatternFactory_ReturnsPatterns" storage="c:\___work\game\tests\game.chess.tests.unit\bin\debug\net8.0\game.chess.tests.unit.dll" id="f37dc7b3-eb74-ddfa-2245-a4d647430d70">
      <Execution id="34bec101-9e8b-4c3c-840d-9a2303ace575" />
      <TestMethod codeBase="C:\___work\game\tests\Game.Chess.Tests.Unit\bin\Debug\net8.0\Game.Chess.Tests.Unit.dll" adapterTypeName="executor://xunit/VsTestRunner2/netcoreapp" className="Game.Chess.Tests.Unit.ChessPolicyTests" name="PatternFactory_ReturnsPatterns" />
    </UnitTest>
    <UnitTest name="Game.Chess.Tests.Unit.ChessPolicyTests.BoardInitialization_CreatesCorrectStartingPositions" storage="c:\___work\game\tests\game.chess.tests.unit\bin\debug\net8.0\game.chess.tests.unit.dll" id="dcbe294c-3343-b2f6-b749-851a0f03798b">
      <Execution id="3477821d-608e-4d51-af09-1f4e9e1ce9cf" />
      <TestMethod codeBase="C:\___work\game\tests\Game.Chess.Tests.Unit\bin\Debug\net8.0\Game.Chess.Tests.Unit.dll" adapterTypeName="executor://xunit/VsTestRunner2/netcoreapp" className="Game.Chess.Tests.Unit.ChessPolicyTests" name="BoardInitialization_CreatesCorrectStartingPositions" />
    </UnitTest>
    <UnitTest name="Game.Chess.Tests.Unit.ActionsTimelineTests.CandidateActionsTimeline_TurnsXXSeedYYPieceZZ_MatchesReference(turnCount: 64, seed: 1234, pieceAttributeOverride: Knight)" storage="c:\___work\game\tests\game.chess.tests.unit\bin\debug\net8.0\game.chess.tests.unit.dll" id="c1b11a87-c86b-8e20-dc4e-35091a03d984">
      <Execution id="6bb10ad9-8dc5-4a68-bd01-f6b1408b99a5" />
      <TestMethod codeBase="C:\___work\game\tests\Game.Chess.Tests.Unit\bin\Debug\net8.0\Game.Chess.Tests.Unit.dll" adapterTypeName="executor://xunit/VsTestRunner2/netcoreapp" className="Game.Chess.Tests.Unit.ActionsTimelineTests" name="CandidateActionsTimeline_TurnsXXSeedYYPieceZZ_MatchesReference" />
    </UnitTest>
    <UnitTest name="Game.Chess.Tests.Unit.ActionsTimelineTests.ActionsTimeline_TurnsXXSeedYYPieceZZ_MatchesReference(turnCount: 64, seed: 2345, pieceAttributeOverride: None)" storage="c:\___work\game\tests\game.chess.tests.unit\bin\debug\net8.0\game.chess.tests.unit.dll" id="0f01ec98-51f7-a0f9-8eef-1a9efb9837dd">
      <Execution id="1dd93465-b634-415f-aab2-1d48af724607" />
      <TestMethod codeBase="C:\___work\game\tests\Game.Chess.Tests.Unit\bin\Debug\net8.0\Game.Chess.Tests.Unit.dll" adapterTypeName="executor://xunit/VsTestRunner2/netcoreapp" className="Game.Chess.Tests.Unit.ActionsTimelineTests" name="ActionsTimeline_TurnsXXSeedYYPieceZZ_MatchesReference" />
    </UnitTest>
    <UnitTest name="Game.Chess.Tests.Unit.ActionsTimelineTests.ActionsTimeline_TurnsXXSeedYYPieceZZ_MatchesReference(turnCount: 64, seed: 3456, pieceAttributeOverride: None)" storage="c:\___work\game\tests\game.chess.tests.unit\bin\debug\net8.0\game.chess.tests.unit.dll" id="7c17a7d5-c4d7-4a92-db99-2f5a669a356e">
      <Execution id="b80ee8dd-1f0e-44e4-a8aa-bdcfef86968e" />
      <TestMethod codeBase="C:\___work\game\tests\Game.Chess.Tests.Unit\bin\Debug\net8.0\Game.Chess.Tests.Unit.dll" adapterTypeName="executor://xunit/VsTestRunner2/netcoreapp" className="Game.Chess.Tests.Unit.ActionsTimelineTests" name="ActionsTimeline_TurnsXXSeedYYPieceZZ_MatchesReference" />
    </UnitTest>
    <UnitTest name="Game.Chess.Tests.Unit.ActionsTimelineTests.ActionsTimeline_TurnsXXSeedYYPieceZZ_MatchesReference(turnCount: 64, seed: 1234, pieceAttributeOverride: Bishop)" storage="c:\___work\game\tests\game.chess.tests.unit\bin\debug\net8.0\game.chess.tests.unit.dll" id="a6d48ba8-54e5-9e22-775b-2e00d873e204">
      <Execution id="4e5cd4cf-8377-4d8e-8b81-9148b0c5c16b" />
      <TestMethod codeBase="C:\___work\game\tests\Game.Chess.Tests.Unit\bin\Debug\net8.0\Game.Chess.Tests.Unit.dll" adapterTypeName="executor://xunit/VsTestRunner2/netcoreapp" className="Game.Chess.Tests.Unit.ActionsTimelineTests" name="ActionsTimeline_TurnsXXSeedYYPieceZZ_MatchesReference" />
    </UnitTest>
    <UnitTest name="Game.Chess.Tests.Unit.ActionsTimelineTests.ActionsTimeline_TurnsXXSeedYYPieceZZ_MatchesReference(turnCount: 64, seed: 1234, pieceAttributeOverride: King)" storage="c:\___work\game\tests\game.chess.tests.unit\bin\debug\net8.0\game.chess.tests.unit.dll" id="522cf19c-fb1f-8f81-4127-8e02e01c5ca1">
      <Execution id="0544fe75-0da1-4bd2-84fb-955f33823e3e" />
      <TestMethod codeBase="C:\___work\game\tests\Game.Chess.Tests.Unit\bin\Debug\net8.0\Game.Chess.Tests.Unit.dll" adapterTypeName="executor://xunit/VsTestRunner2/netcoreapp" className="Game.Chess.Tests.Unit.ActionsTimelineTests" name="ActionsTimeline_TurnsXXSeedYYPieceZZ_MatchesReference" />
    </UnitTest>
    <UnitTest name="Game.Chess.Tests.Unit.ChessPolicyTests.PieceFactory_ReturnsCorrectNumberOfRows" storage="c:\___work\game\tests\game.chess.tests.unit\bin\debug\net8.0\game.chess.tests.unit.dll" id="d6346169-8aef-decc-1ac0-a19b496ec6c2">
      <Execution id="f455d654-8fd0-4d59-b98c-44a71388928e" />
      <TestMethod codeBase="C:\___work\game\tests\Game.Chess.Tests.Unit\bin\Debug\net8.0\Game.Chess.Tests.Unit.dll" adapterTypeName="executor://xunit/VsTestRunner2/netcoreapp" className="Game.Chess.Tests.Unit.ChessPolicyTests" name="PieceFactory_ReturnsCorrectNumberOfRows" />
    </UnitTest>
    <UnitTest name="Game.Chess.Tests.Unit.ActionsTimelineTests.ActionsTimeline_TurnsXXSeedYYPieceZZ_MatchesReference(turnCount: 64, seed: 1234, pieceAttributeOverride: Rook)" storage="c:\___work\game\tests\game.chess.tests.unit\bin\debug\net8.0\game.chess.tests.unit.dll" id="13a9a524-b49c-5bcf-1fdc-5edc5bcaf76f">
      <Execution id="1071d397-8f65-4850-962b-30552aac6282" />
      <TestMethod codeBase="C:\___work\game\tests\Game.Chess.Tests.Unit\bin\Debug\net8.0\Game.Chess.Tests.Unit.dll" adapterTypeName="executor://xunit/VsTestRunner2/netcoreapp" className="Game.Chess.Tests.Unit.ActionsTimelineTests" name="ActionsTimeline_TurnsXXSeedYYPieceZZ_MatchesReference" />
    </UnitTest>
    <UnitTest name="Game.Chess.Tests.Unit.ActionsTimelineTests.CandidateActionsTimeline_TurnsXXSeedYYPieceZZ_MatchesReference(turnCount: 64, seed: 1234, pieceAttributeOverride: King)" storage="c:\___work\game\tests\game.chess.tests.unit\bin\debug\net8.0\game.chess.tests.unit.dll" id="d8bebe35-5318-a117-fc9c-c7015408a50b">
      <Execution id="3b7d1326-0499-4354-ae59-84087db6c221" />
      <TestMethod codeBase="C:\___work\game\tests\Game.Chess.Tests.Unit\bin\Debug\net8.0\Game.Chess.Tests.Unit.dll" adapterTypeName="executor://xunit/VsTestRunner2/netcoreapp" className="Game.Chess.Tests.Unit.ActionsTimelineTests" name="CandidateActionsTimeline_TurnsXXSeedYYPieceZZ_MatchesReference" />
    </UnitTest>
    <UnitTest name="Game.Chess.Tests.Unit.ActionsTimelineTests.CandidateActionsTimeline_TurnsXXSeedYYPieceZZ_MatchesReference(turnCount: 64, seed: 2345, pieceAttributeOverride: None)" storage="c:\___work\game\tests\game.chess.tests.unit\bin\debug\net8.0\game.chess.tests.unit.dll" id="fbe58d07-1871-336b-3aaf-5ab6e3736614">
      <Execution id="e3b9251d-4c95-4c51-8e69-1bd91664002b" />
      <TestMethod codeBase="C:\___work\game\tests\Game.Chess.Tests.Unit\bin\Debug\net8.0\Game.Chess.Tests.Unit.dll" adapterTypeName="executor://xunit/VsTestRunner2/netcoreapp" className="Game.Chess.Tests.Unit.ActionsTimelineTests" name="CandidateActionsTimeline_TurnsXXSeedYYPieceZZ_MatchesReference" />
    </UnitTest>
    <UnitTest name="Game.Chess.Tests.Unit.ActionsTimelineTests.CandidateActionsTimeline_TurnsXXSeedYYPieceZZ_MatchesReference(turnCount: 64, seed: 1234, pieceAttributeOverride: Pawn)" storage="c:\___work\game\tests\game.chess.tests.unit\bin\debug\net8.0\game.chess.tests.unit.dll" id="3e1832a6-c571-dc93-e843-1461477b192d">
      <Execution id="6cb1fa8d-c39f-486b-ac6f-df2d148b0986" />
      <TestMethod codeBase="C:\___work\game\tests\Game.Chess.Tests.Unit\bin\Debug\net8.0\Game.Chess.Tests.Unit.dll" adapterTypeName="executor://xunit/VsTestRunner2/netcoreapp" className="Game.Chess.Tests.Unit.ActionsTimelineTests" name="CandidateActionsTimeline_TurnsXXSeedYYPieceZZ_MatchesReference" />
    </UnitTest>
    <UnitTest name="Game.Chess.Tests.Unit.ActionsTimelineTests.ActionsTimeline_TurnsXXSeedYYPieceZZ_MatchesReference(turnCount: 64, seed: 1234, pieceAttributeOverride: Queen)" storage="c:\___work\game\tests\game.chess.tests.unit\bin\debug\net8.0\game.chess.tests.unit.dll" id="647308b2-859d-4d08-4d7f-94e7933d3027">
      <Execution id="2c9cd13d-5efb-4e2d-8ac1-9e3c1ff7a59b" />
      <TestMethod codeBase="C:\___work\game\tests\Game.Chess.Tests.Unit\bin\Debug\net8.0\Game.Chess.Tests.Unit.dll" adapterTypeName="executor://xunit/VsTestRunner2/netcoreapp" className="Game.Chess.Tests.Unit.ActionsTimelineTests" name="ActionsTimeline_TurnsXXSeedYYPieceZZ_MatchesReference" />
    </UnitTest>
    <UnitTest name="Game.Chess.Tests.Unit.ChessPolicyTests.TimelineService_GeneratesCorrectTimesteps" storage="c:\___work\game\tests\game.chess.tests.unit\bin\debug\net8.0\game.chess.tests.unit.dll" id="81e4a701-5ac0-650e-95b7-7b9ce9833ca8">
      <Execution id="3d8adcf3-5c93-4fe8-aa09-e25c91e3dd1d" />
      <TestMethod codeBase="C:\___work\game\tests\Game.Chess.Tests.Unit\bin\Debug\net8.0\Game.Chess.Tests.Unit.dll" adapterTypeName="executor://xunit/VsTestRunner2/netcoreapp" className="Game.Chess.Tests.Unit.ChessPolicyTests" name="TimelineService_GeneratesCorrectTimesteps" />
    </UnitTest>
    <UnitTest name="Game.Chess.Tests.Unit.ActionsTimelineTests.CandidateActionsTimeline_TurnsXXSeedYYPieceZZ_MatchesReference(turnCount: 64, seed: 1234, pieceAttributeOverride: Queen)" storage="c:\___work\game\tests\game.chess.tests.unit\bin\debug\net8.0\game.chess.tests.unit.dll" id="e18c7abc-24ad-a722-4b2c-e2218fb14b66">
      <Execution id="9ba94e4d-43ab-468b-b9cb-ee7a1c6f187b" />
      <TestMethod codeBase="C:\___work\game\tests\Game.Chess.Tests.Unit\bin\Debug\net8.0\Game.Chess.Tests.Unit.dll" adapterTypeName="executor://xunit/VsTestRunner2/netcoreapp" className="Game.Chess.Tests.Unit.ActionsTimelineTests" name="CandidateActionsTimeline_TurnsXXSeedYYPieceZZ_MatchesReference" />
    </UnitTest>
    <UnitTest name="Game.Chess.Tests.Unit.ActionsTimelineTests.CandidateActionsTimeline_TurnsXXSeedYYPieceZZ_MatchesReference(turnCount: 64, seed: 1234, pieceAttributeOverride: Rook)" storage="c:\___work\game\tests\game.chess.tests.unit\bin\debug\net8.0\game.chess.tests.unit.dll" id="4be3babe-cc5e-0288-8e04-d4f2af7715a7">
      <Execution id="2cfe4368-9a9f-45fd-abe9-b22de6024526" />
      <TestMethod codeBase="C:\___work\game\tests\Game.Chess.Tests.Unit\bin\Debug\net8.0\Game.Chess.Tests.Unit.dll" adapterTypeName="executor://xunit/VsTestRunner2/netcoreapp" className="Game.Chess.Tests.Unit.ActionsTimelineTests" name="CandidateActionsTimeline_TurnsXXSeedYYPieceZZ_MatchesReference" />
    </UnitTest>
    <UnitTest name="Game.Chess.Tests.Unit.ActionsTimelineTests.CandidateActionsTimeline_TurnsXXSeedYYPieceZZ_MatchesReference(turnCount: 64, seed: 1234, pieceAttributeOverride: None)" storage="c:\___work\game\tests\game.chess.tests.unit\bin\debug\net8.0\game.chess.tests.unit.dll" id="0971f87e-9a6e-15ce-41f3-779876188b55">
      <Execution id="9387f0b2-b7a8-408e-b7a9-a77142cf2d8c" />
      <TestMethod codeBase="C:\___work\game\tests\Game.Chess.Tests.Unit\bin\Debug\net8.0\Game.Chess.Tests.Unit.dll" adapterTypeName="executor://xunit/VsTestRunner2/netcoreapp" className="Game.Chess.Tests.Unit.ActionsTimelineTests" name="CandidateActionsTimeline_TurnsXXSeedYYPieceZZ_MatchesReference" />
    </UnitTest>
  </TestDefinitions>
  <TestEntries>
    <TestEntry testId="4be3babe-cc5e-0288-8e04-d4f2af7715a7" executionId="2cfe4368-9a9f-45fd-abe9-b22de6024526" testListId="8c84fa94-04c1-424b-9868-57a2d4851a1d" />
    <TestEntry testId="a229c833-02de-2b45-78a2-522df8fbaf0a" executionId="051c8934-699a-4d19-9a8e-c750f56c705e" testListId="8c84fa94-04c1-424b-9868-57a2d4851a1d" />
    <TestEntry testId="522cf19c-fb1f-8f81-4127-8e02e01c5ca1" executionId="0544fe75-0da1-4bd2-84fb-955f33823e3e" testListId="8c84fa94-04c1-424b-9868-57a2d4851a1d" />
    <TestEntry testId="0f01ec98-51f7-a0f9-8eef-1a9efb9837dd" executionId="1dd93465-b634-415f-aab2-1d48af724607" testListId="8c84fa94-04c1-424b-9868-57a2d4851a1d" />
    <TestEntry testId="d8bebe35-5318-a117-fc9c-c7015408a50b" executionId="3b7d1326-0499-4354-ae59-84087db6c221" testListId="8c84fa94-04c1-424b-9868-57a2d4851a1d" />
    <TestEntry testId="48fb08db-cb85-1f56-e62b-fa0cbaa5f119" executionId="712a9529-208f-4c47-b933-36bb030313fe" testListId="8c84fa94-04c1-424b-9868-57a2d4851a1d" />
    <TestEntry testId="dcbe294c-3343-b2f6-b749-851a0f03798b" executionId="3477821d-608e-4d51-af09-1f4e9e1ce9cf" testListId="8c84fa94-04c1-424b-9868-57a2d4851a1d" />
    <TestEntry testId="a6d48ba8-54e5-9e22-775b-2e00d873e204" executionId="4e5cd4cf-8377-4d8e-8b81-9148b0c5c16b" testListId="8c84fa94-04c1-424b-9868-57a2d4851a1d" />
    <TestEntry testId="3e1832a6-c571-dc93-e843-1461477b192d" executionId="6cb1fa8d-c39f-486b-ac6f-df2d148b0986" testListId="8c84fa94-04c1-424b-9868-57a2d4851a1d" />
    <TestEntry testId="fbe58d07-1871-336b-3aaf-5ab6e3736614" executionId="e3b9251d-4c95-4c51-8e69-1bd91664002b" testListId="8c84fa94-04c1-424b-9868-57a2d4851a1d" />
    <TestEntry testId="7c17a7d5-c4d7-4a92-db99-2f5a669a356e" executionId="b80ee8dd-1f0e-44e4-a8aa-bdcfef86968e" testListId="8c84fa94-04c1-424b-9868-57a2d4851a1d" />
    <TestEntry testId="647308b2-859d-4d08-4d7f-94e7933d3027" executionId="2c9cd13d-5efb-4e2d-8ac1-9e3c1ff7a59b" testListId="8c84fa94-04c1-424b-9868-57a2d4851a1d" />
    <TestEntry testId="1e81851f-c31e-a4aa-588f-66e8539cb349" executionId="edde6fd7-8e47-4a2d-84ee-996361a903b4" testListId="8c84fa94-04c1-424b-9868-57a2d4851a1d" />
    <TestEntry testId="13a9a524-b49c-5bcf-1fdc-5edc5bcaf76f" executionId="1071d397-8f65-4850-962b-30552aac6282" testListId="8c84fa94-04c1-424b-9868-57a2d4851a1d" />
    <TestEntry testId="0adabe27-1dd5-d799-6fe7-1f055244a551" executionId="b186ad08-fe7a-4687-9766-7d69018f2411" testListId="8c84fa94-04c1-424b-9868-57a2d4851a1d" />
    <TestEntry testId="81e4a701-5ac0-650e-95b7-7b9ce9833ca8" executionId="3d8adcf3-5c93-4fe8-aa09-e25c91e3dd1d" testListId="8c84fa94-04c1-424b-9868-57a2d4851a1d" />
    <TestEntry testId="c1b11a87-c86b-8e20-dc4e-35091a03d984" executionId="6bb10ad9-8dc5-4a68-bd01-f6b1408b99a5" testListId="8c84fa94-04c1-424b-9868-57a2d4851a1d" />
    <TestEntry testId="291f31df-ce40-25ad-7198-640d1b5b7e62" executionId="128928e5-f082-4adb-a837-65f136bcafcf" testListId="8c84fa94-04c1-424b-9868-57a2d4851a1d" />
    <TestEntry testId="0971f87e-9a6e-15ce-41f3-779876188b55" executionId="9387f0b2-b7a8-408e-b7a9-a77142cf2d8c" testListId="8c84fa94-04c1-424b-9868-57a2d4851a1d" />
    <TestEntry testId="f37dc7b3-eb74-ddfa-2245-a4d647430d70" executionId="34bec101-9e8b-4c3c-840d-9a2303ace575" testListId="8c84fa94-04c1-424b-9868-57a2d4851a1d" />
    <TestEntry testId="fdb3de55-a29c-0249-e2bd-354c9ba2ee19" executionId="962b9eb2-cbef-4e75-9120-6dc8b0afd339" testListId="8c84fa94-04c1-424b-9868-57a2d4851a1d" />
    <TestEntry testId="d6346169-8aef-decc-1ac0-a19b496ec6c2" executionId="f455d654-8fd0-4d59-b98c-44a71388928e" testListId="8c84fa94-04c1-424b-9868-57a2d4851a1d" />
    <TestEntry testId="e18c7abc-24ad-a722-4b2c-e2218fb14b66" executionId="9ba94e4d-43ab-468b-b9cb-ee7a1c6f187b" testListId="8c84fa94-04c1-424b-9868-57a2d4851a1d" />
  </TestEntries>
  <TestLists>
    <TestList name="Results Not in a List" id="8c84fa94-04c1-424b-9868-57a2d4851a1d" />
    <TestList name="All Loaded Results" id="19431567-8539-422a-85d7-44ee4e166bda" />
  </TestLists>
  <ResultSummary outcome="Failed">
    <Counters total="23" executed="23" passed="19" failed="4" error="0" timeout="0" aborted="0" inconclusive="0" passedButRunAborted="0" notRunnable="0" notExecuted="0" disconnected="0" warning="0" completed="0" inProgress="0" pending="0" />
    <Output>
      <StdOut>[xUnit.net 00:00:00.00] xUnit.net VSTest Adapter v2.8.0+6438bb880a (64-bit .NET 8.0.21)&#xD;
[xUnit.net 00:00:00.05]   Discovering: Game.Chess.Tests.Unit&#xD;
[xUnit.net 00:00:00.09]   Discovered:  Game.Chess.Tests.Unit&#xD;
[xUnit.net 00:00:00.09]   Starting:    Game.Chess.Tests.Unit&#xD;
[2025-11-09T22:35:40.2933648Z] [DESKTOP-BQPLF6I] [Info] [ConfigurationService] 'DOTNETBACKEND_PORT' environment variable is not set.&#xD;
[2025-11-09T22:35:40.2942712Z] [DESKTOP-BQPLF6I] [Info] [ConfigurationService] Using port 5567 for connection.&#xD;
[2025-11-09T22:35:40.2945494Z] [DESKTOP-BQPLF6I] [Info] [JvmBridge] JvMBridge port is 5567&#xD;
[2025-11-09T22:35:40.2949285Z] [DESKTOP-BQPLF6I] [Info] [JvmBridge] The number of JVM backend thread is set to 10. The max number of concurrent sockets in JvmBridge is set to 7.&#xD;
[2025-11-09T22:35:42.3489078Z] [DESKTOP-BQPLF6I] [Exception] [JvmBridge] No connection could be made because the target machine actively refused it. 127.0.0.1:5567&#xD;
   at System.Net.Sockets.Socket.DoConnect(EndPoint endPointSnapshot, SocketAddress socketAddress)&#xD;
   at System.Net.Sockets.Socket.Connect(EndPoint remoteEP)&#xD;
   at Microsoft.Spark.Network.DefaultSocketWrapper.Connect(IPAddress remoteaddr, Int32 port, String secret) in /_/src/csharp/Microsoft.Spark/Network/DefaultSocketWrapper.cs:line 75&#xD;
   at Microsoft.Spark.Interop.Ipc.JvmBridge.GetConnection() in /_/src/csharp/Microsoft.Spark/Interop/Ipc/JvmBridge.cs:line 82&#xD;
   at Microsoft.Spark.Interop.Ipc.JvmBridge.CallJavaMethod(Boolean isStatic, Object classNameOrJvmObjectReference, String methodName, Object[] args) in /_/src/csharp/Microsoft.Spark/Interop/Ipc/JvmBridge.cs:line 224&#xD;
[ERROR] Failed to create Spark session: System.Net.Sockets.SocketException (10061): No connection could be made because the target machine actively refused it. 127.0.0.1:5567&#xD;
   at System.Net.Sockets.Socket.DoConnect(EndPoint endPointSnapshot, SocketAddress socketAddress)&#xD;
   at System.Net.Sockets.Socket.Connect(EndPoint remoteEP)&#xD;
   at Microsoft.Spark.Network.DefaultSocketWrapper.Connect(IPAddress remoteaddr, Int32 port, String secret) in /_/src/csharp/Microsoft.Spark/Network/DefaultSocketWrapper.cs:line 75&#xD;
   at Microsoft.Spark.Interop.Ipc.JvmBridge.GetConnection() in /_/src/csharp/Microsoft.Spark/Interop/Ipc/JvmBridge.cs:line 82&#xD;
   at Microsoft.Spark.Interop.Ipc.JvmBridge.CallJavaMethod(Boolean isStatic, Object classNameOrJvmObjectReference, String methodName, Object[] args) in /_/src/csharp/Microsoft.Spark/Interop/Ipc/JvmBridge.cs:line 224&#xD;
   at Microsoft.Spark.Interop.Ipc.JvmBridge.CallStaticJavaMethod(String className, String methodName, Object[] args) in /_/src/csharp/Microsoft.Spark/Interop/Ipc/JvmBridge.cs:line 108&#xD;
   at Microsoft.Spark.Sql.Builder..ctor() in /_/src/csharp/Microsoft.Spark/Sql/Builder.cs:line 21&#xD;
   at Microsoft.Spark.Sql.SparkSession.Builder() in /_/src/csharp/Microsoft.Spark/Sql/SparkSession.cs:line 60&#xD;
   at Game.Chess.Tests.Unit.ChessPolicyTests.get_Spark() in C:\___work\game\tests\Game.Chess.Tests.Unit\PolicyTests.cs:line 30&#xD;
[xUnit.net 00:00:02.18]       System.Net.Sockets.SocketException : No connection could be made because the target machine actively refused it. 127.0.0.1:5567&#xD;
[xUnit.net 00:00:02.18]       Stack Trace:&#xD;
[xUnit.net 00:00:02.18]            at System.Net.Sockets.Socket.DoConnect(EndPoint endPointSnapshot, SocketAddress socketAddress)&#xD;
[xUnit.net 00:00:02.18]            at System.Net.Sockets.Socket.Connect(EndPoint remoteEP)&#xD;
[xUnit.net 00:00:02.18]         /_/src/csharp/Microsoft.Spark/Network/DefaultSocketWrapper.cs(75,0): at Microsoft.Spark.Network.DefaultSocketWrapper.Connect(IPAddress remoteaddr, Int32 port, String secret)&#xD;
[xUnit.net 00:00:02.18]         /_/src/csharp/Microsoft.Spark/Interop/Ipc/JvmBridge.cs(82,0): at Microsoft.Spark.Interop.Ipc.JvmBridge.GetConnection()&#xD;
[xUnit.net 00:00:02.18]         /_/src/csharp/Microsoft.Spark/Interop/Ipc/JvmBridge.cs(224,0): at Microsoft.Spark.Interop.Ipc.JvmBridge.CallJavaMethod(Boolean isStatic, Object classNameOrJvmObjectReference, String methodName, Object[] args)&#xD;
[xUnit.net 00:00:02.18]         /_/src/csharp/Microsoft.Spark/Interop/Ipc/JvmBridge.cs(108,0): at Microsoft.Spark.Interop.Ipc.JvmBridge.CallStaticJavaMethod(String className, String methodName, Object[] args)&#xD;
[xUnit.net 00:00:02.18]         /_/src/csharp/Microsoft.Spark/Sql/Builder.cs(21,0): at Microsoft.Spark.Sql.Builder..ctor()&#xD;
[xUnit.net 00:00:02.18]         /_/src/csharp/Microsoft.Spark/Sql/SparkSession.cs(60,0): at Microsoft.Spark.Sql.SparkSession.Builder()&#xD;
[xUnit.net 00:00:02.18]         C:\___work\game\tests\Game.Chess.Tests.Unit\PolicyTests.cs(30,0): at Game.Chess.Tests.Unit.ChessPolicyTests.get_Spark()&#xD;
[xUnit.net 00:00:02.18]         C:\___work\game\tests\Game.Chess.Tests.Unit\PolicyTests.cs(47,0): at Game.Chess.Tests.Unit.ChessPolicyTests.get_Policy()&#xD;
[xUnit.net 00:00:02.18]         C:\___work\game\tests\Game.Chess.Tests.Unit\PolicyTests.cs(106,0): at Game.Chess.Tests.Unit.ChessPolicyTests.GetPerspectives_AssignsGenericFlagsCorrectly()&#xD;
[xUnit.net 00:00:02.18]            at System.RuntimeMethodHandle.InvokeMethod(Object target, Void** arguments, Signature sig, Boolean isConstructor)&#xD;
[xUnit.net 00:00:02.18]            at System.Reflection.MethodBaseInvoker.InvokeWithNoArgs(Object obj, BindingFlags invokeAttr)&#xD;
[2025-11-09T22:35:44.3785263Z] [DESKTOP-BQPLF6I] [Exception] [JvmBridge] No connection could be made because the target machine actively refused it. 127.0.0.1:5567&#xD;
   at System.Net.Sockets.Socket.DoConnect(EndPoint endPointSnapshot, SocketAddress socketAddress)&#xD;
   at System.Net.Sockets.Socket.Connect(EndPoint remoteEP)&#xD;
   at Microsoft.Spark.Network.DefaultSocketWrapper.Connect(IPAddress remoteaddr, Int32 port, String secret) in /_/src/csharp/Microsoft.Spark/Network/DefaultSocketWrapper.cs:line 75&#xD;
   at Microsoft.Spark.Interop.Ipc.JvmBridge.GetConnection() in /_/src/csharp/Microsoft.Spark/Interop/Ipc/JvmBridge.cs:line 82&#xD;
   at Microsoft.Spark.Interop.Ipc.JvmBridge.CallJavaMethod(Boolean isStatic, Object classNameOrJvmObjectReference, String methodName, Object[] args) in /_/src/csharp/Microsoft.Spark/Interop/Ipc/JvmBridge.cs:line 224&#xD;
[ERROR] Failed to create Spark session: System.Net.Sockets.SocketException (10061): No connection could be made because the target machine actively refused it. 127.0.0.1:5567&#xD;
   at System.Net.Sockets.Socket.DoConnect(EndPoint endPointSnapshot, SocketAddress socketAddress)&#xD;
   at System.Net.Sockets.Socket.Connect(EndPoint remoteEP)&#xD;
   at Microsoft.Spark.Network.DefaultSocketWrapper.Connect(IPAddress remoteaddr, Int32 port, String secret) in /_/src/csharp/Microsoft.Spark/Network/DefaultSocketWrapper.cs:line 75&#xD;
   at Microsoft.Spark.Interop.Ipc.JvmBridge.GetConnection() in /_/src/csharp/Microsoft.Spark/Interop/Ipc/JvmBridge.cs:line 82&#xD;
   at Microsoft.Spark.Interop.Ipc.JvmBridge.CallJavaMethod(Boolean isStatic, Object classNameOrJvmObjectReference, String methodName, Object[] args) in /_/src/csharp/Microsoft.Spark/Interop/Ipc/JvmBridge.cs:line 224&#xD;
   at Microsoft.Spark.Interop.Ipc.JvmBridge.CallStaticJavaMethod(String className, String methodName, Object[] args) in /_/src/csharp/Microsoft.Spark/Interop/Ipc/JvmBridge.cs:line 108&#xD;
   at Microsoft.Spark.Sql.Builder..ctor() in /_/src/csharp/Microsoft.Spark/Sql/Builder.cs:line 21&#xD;
   at Microsoft.Spark.Sql.SparkSession.Builder() in /_/src/csharp/Microsoft.Spark/Sql/SparkSession.cs:line 60&#xD;
   at Game.Chess.Tests.Unit.ChessPolicyTests.get_Spark() in C:\___work\game\tests\Game.Chess.Tests.Unit\PolicyTests.cs:line 30&#xD;
[xUnit.net 00:00:04.21]       System.Net.Sockets.SocketException : No connection could be made because the target machine actively refused it. 127.0.0.1:5567&#xD;
[xUnit.net 00:00:04.21]       Stack Trace:&#xD;
[xUnit.net 00:00:04.21]            at System.Net.Sockets.Socket.DoConnect(EndPoint endPointSnapshot, SocketAddress socketAddress)&#xD;
[xUnit.net 00:00:04.21]            at System.Net.Sockets.Socket.Connect(EndPoint remoteEP)&#xD;
[xUnit.net 00:00:04.21]         /_/src/csharp/Microsoft.Spark/Network/DefaultSocketWrapper.cs(75,0): at Microsoft.Spark.Network.DefaultSocketWrapper.Connect(IPAddress remoteaddr, Int32 port, String secret)&#xD;
[xUnit.net 00:00:04.21]         /_/src/csharp/Microsoft.Spark/Interop/Ipc/JvmBridge.cs(82,0): at Microsoft.Spark.Interop.Ipc.JvmBridge.GetConnection()&#xD;
[xUnit.net 00:00:04.21]         /_/src/csharp/Microsoft.Spark/Interop/Ipc/JvmBridge.cs(224,0): at Microsoft.Spark.Interop.Ipc.JvmBridge.CallJavaMethod(Boolean isStatic, Object classNameOrJvmObjectReference, String methodName, Object[] args)&#xD;
[xUnit.net 00:00:04.21]         /_/src/csharp/Microsoft.Spark/Interop/Ipc/JvmBridge.cs(108,0): at Microsoft.Spark.Interop.Ipc.JvmBridge.CallStaticJavaMethod(String className, String methodName, Object[] args)&#xD;
[xUnit.net 00:00:04.21]         /_/src/csharp/Microsoft.Spark/Sql/Builder.cs(21,0): at Microsoft.Spark.Sql.Builder..ctor()&#xD;
[xUnit.net 00:00:04.21]         /_/src/csharp/Microsoft.Spark/Sql/SparkSession.cs(60,0): at Microsoft.Spark.Sql.SparkSession.Builder()&#xD;
[xUnit.net 00:00:04.21]         C:\___work\game\tests\Game.Chess.Tests.Unit\PolicyTests.cs(30,0): at Game.Chess.Tests.Unit.ChessPolicyTests.get_Spark()&#xD;
[xUnit.net 00:00:04.21]         C:\___work\game\tests\Game.Chess.Tests.Unit\PolicyTests.cs(142,0): at Game.Chess.Tests.Unit.ChessPolicyTests.PatternFactory_ReturnsPatterns()&#xD;
[xUnit.net 00:00:04.21]            at System.RuntimeMethodHandle.InvokeMethod(Object target, Void** arguments, Signature sig, Boolean isConstructor)&#xD;
[xUnit.net 00:00:04.21]            at System.Reflection.MethodBaseInvoker.InvokeWithNoArgs(Object obj, BindingFlags invokeAttr)&#xD;
[2025-11-09T22:35:46.4179440Z] [DESKTOP-BQPLF6I] [Exception] [JvmBridge] No connection could be made because the target machine actively refused it. 127.0.0.1:5567&#xD;
   at System.Net.Sockets.Socket.DoConnect(EndPoint endPointSnapshot, SocketAddress socketAddress)&#xD;
   at System.Net.Sockets.Socket.Connect(EndPoint remoteEP)&#xD;
   at Microsoft.Spark.Network.DefaultSocketWrapper.Connect(IPAddress remoteaddr, Int32 port, String secret) in /_/src/csharp/Microsoft.Spark/Network/DefaultSocketWrapper.cs:line 75&#xD;
   at Microsoft.Spark.Interop.Ipc.JvmBridge.GetConnection() in /_/src/csharp/Microsoft.Spark/Interop/Ipc/JvmBridge.cs:line 82&#xD;
   at Microsoft.Spark.Interop.Ipc.JvmBridge.CallJavaMethod(Boolean isStatic, Object classNameOrJvmObjectReference, String methodName, Object[] args) in /_/src/csharp/Microsoft.Spark/Interop/Ipc/JvmBridge.cs:line 224&#xD;
[ERROR] Failed to create Spark session: System.Net.Sockets.SocketException (10061): No connection could be made because the target machine actively refused it. 127.0.0.1:5567&#xD;
   at System.Net.Sockets.Socket.DoConnect(EndPoint endPointSnapshot, SocketAddress socketAddress)&#xD;
   at System.Net.Sockets.Socket.Connect(EndPoint remoteEP)&#xD;
   at Microsoft.Spark.Network.DefaultSocketWrapper.Connect(IPAddress remoteaddr, Int32 port, String secret) in /_/src/csharp/Microsoft.Spark/Network/DefaultSocketWrapper.cs:line 75&#xD;
   at Microsoft.Spark.Interop.Ipc.JvmBridge.GetConnection() in /_/src/csharp/Microsoft.Spark/Interop/Ipc/JvmBridge.cs:line 82&#xD;
   at Microsoft.Spark.Interop.Ipc.JvmBridge.CallJavaMethod(Boolean isStatic, Object classNameOrJvmObjectReference, String methodName, Object[] args) in /_/src/csharp/Microsoft.Spark/Interop/Ipc/JvmBridge.cs:line 224&#xD;
   at Microsoft.Spark.Interop.Ipc.JvmBridge.CallStaticJavaMethod(String className, String methodName, Object[] args) in /_/src/csharp/Microsoft.Spark/Interop/Ipc/JvmBridge.cs:line 108&#xD;
   at Microsoft.Spark.Sql.Builder..ctor() in /_/src/csharp/Microsoft.Spark/Sql/Builder.cs:line 21&#xD;
   at Microsoft.Spark.Sql.SparkSession.Builder() in /_/src/csharp/Microsoft.Spark/Sql/SparkSession.cs:line 60&#xD;
   at Game.Chess.Tests.Unit.ChessPolicyTests.get_Spark() in C:\___work\game\tests\Game.Chess.Tests.Unit\PolicyTests.cs:line 30&#xD;
[xUnit.net 00:00:06.25]       System.Net.Sockets.SocketException : No connection could be made because the target machine actively refused it. 127.0.0.1:5567&#xD;
[xUnit.net 00:00:06.25]       Stack Trace:&#xD;
[xUnit.net 00:00:06.25]            at System.Net.Sockets.Socket.DoConnect(EndPoint endPointSnapshot, SocketAddress socketAddress)&#xD;
[xUnit.net 00:00:06.25]            at System.Net.Sockets.Socket.Connect(EndPoint remoteEP)&#xD;
[xUnit.net 00:00:06.25]         /_/src/csharp/Microsoft.Spark/Network/DefaultSocketWrapper.cs(75,0): at Microsoft.Spark.Network.DefaultSocketWrapper.Connect(IPAddress remoteaddr, Int32 port, String secret)&#xD;
[xUnit.net 00:00:06.25]         /_/src/csharp/Microsoft.Spark/Interop/Ipc/JvmBridge.cs(82,0): at Microsoft.Spark.Interop.Ipc.JvmBridge.GetConnection()&#xD;
[xUnit.net 00:00:06.25]         /_/src/csharp/Microsoft.Spark/Interop/Ipc/JvmBridge.cs(224,0): at Microsoft.Spark.Interop.Ipc.JvmBridge.CallJavaMethod(Boolean isStatic, Object classNameOrJvmObjectReference, String methodName, Object[] args)&#xD;
[xUnit.net 00:00:06.25]         /_/src/csharp/Microsoft.Spark/Interop/Ipc/JvmBridge.cs(108,0): at Microsoft.Spark.Interop.Ipc.JvmBridge.CallStaticJavaMethod(String className, String methodName, Object[] args)&#xD;
[xUnit.net 00:00:06.25]         /_/src/csharp/Microsoft.Spark/Sql/Builder.cs(21,0): at Microsoft.Spark.Sql.Builder..ctor()&#xD;
[xUnit.net 00:00:06.25]         /_/src/csharp/Microsoft.Spark/Sql/SparkSession.cs(60,0): at Microsoft.Spark.Sql.SparkSession.Builder()&#xD;
[xUnit.net 00:00:06.25]         C:\___work\game\tests\Game.Chess.Tests.Unit\PolicyTests.cs(30,0): at Game.Chess.Tests.Unit.ChessPolicyTests.get_Spark()&#xD;
[xUnit.net 00:00:06.25]         C:\___work\game\tests\Game.Chess.Tests.Unit\PolicyTests.cs(47,0): at Game.Chess.Tests.Unit.ChessPolicyTests.get_Policy()&#xD;
[xUnit.net 00:00:06.25]         C:\___work\game\tests\Game.Chess.Tests.Unit\PolicyTests.cs(126,0): at Game.Chess.Tests.Unit.ChessPolicyTests.TimelineService_GeneratesCorrectTimesteps()&#xD;
[xUnit.net 00:00:06.25]            at System.RuntimeMethodHandle.InvokeMethod(Object target, Void** arguments, Signature sig, Boolean isConstructor)&#xD;
[xUnit.net 00:00:06.25]            at System.Reflection.MethodBaseInvoker.InvokeWithNoArgs(Object obj, BindingFlags invokeAttr)&#xD;
[2025-11-09T22:35:48.4470029Z] [DESKTOP-BQPLF6I] [Exception] [JvmBridge] No connection could be made because the target machine actively refused it. 127.0.0.1:5567&#xD;
   at System.Net.Sockets.Socket.DoConnect(EndPoint endPointSnapshot, SocketAddress socketAddress)&#xD;
   at System.Net.Sockets.Socket.Connect(EndPoint remoteEP)&#xD;
   at Microsoft.Spark.Network.DefaultSocketWrapper.Connect(IPAddress remoteaddr, Int32 port, String secret) in /_/src/csharp/Microsoft.Spark/Network/DefaultSocketWrapper.cs:line 75&#xD;
   at Microsoft.Spark.Interop.Ipc.JvmBridge.GetConnection() in /_/src/csharp/Microsoft.Spark/Interop/Ipc/JvmBridge.cs:line 82&#xD;
   at Microsoft.Spark.Interop.Ipc.JvmBridge.CallJavaMethod(Boolean isStatic, Object classNameOrJvmObjectReference, String methodName, Object[] args) in /_/src/csharp/Microsoft.Spark/Interop/Ipc/JvmBridge.cs:line 224&#xD;
[ERROR] Failed to create Spark session: System.Net.Sockets.SocketException (10061): No connection could be made because the target machine actively refused it. 127.0.0.1:5567&#xD;
   at System.Net.Sockets.Socket.DoConnect(EndPoint endPointSnapshot, SocketAddress socketAddress)&#xD;
   at System.Net.Sockets.Socket.Connect(EndPoint remoteEP)&#xD;
   at Microsoft.Spark.Network.DefaultSocketWrapper.Connect(IPAddress remoteaddr, Int32 port, String secret) in /_/src/csharp/Microsoft.Spark/Network/DefaultSocketWrapper.cs:line 75&#xD;
   at Microsoft.Spark.Interop.Ipc.JvmBridge.GetConnection() in /_/src/csharp/Microsoft.Spark/Interop/Ipc/JvmBridge.cs:line 82&#xD;
   at Microsoft.Spark.Interop.Ipc.JvmBridge.CallJavaMethod(Boolean isStatic, Object classNameOrJvmObjectReference, String methodName, Object[] args) in /_/src/csharp/Microsoft.Spark/Interop/Ipc/JvmBridge.cs:line 224&#xD;
   at Microsoft.Spark.Interop.Ipc.JvmBridge.CallStaticJavaMethod(String className, String methodName, Object[] args) in /_/src/csharp/Microsoft.Spark/Interop/Ipc/JvmBridge.cs:line 108&#xD;
   at Microsoft.Spark.Sql.Builder..ctor() in /_/src/csharp/Microsoft.Spark/Sql/Builder.cs:line 21&#xD;
   at Microsoft.Spark.Sql.SparkSession.Builder() in /_/src/csharp/Microsoft.Spark/Sql/SparkSession.cs:line 60&#xD;
   at Game.Chess.Tests.Unit.ChessPolicyTests.get_Spark() in C:\___work\game\tests\Game.Chess.Tests.Unit\PolicyTests.cs:line 30&#xD;
[xUnit.net 00:00:08.28]       System.Net.Sockets.SocketException : No connection could be made because the target machine actively refused it. 127.0.0.1:5567&#xD;
[xUnit.net 00:00:08.28]       Stack Trace:&#xD;
[xUnit.net 00:00:08.28]            at System.Net.Sockets.Socket.DoConnect(EndPoint endPointSnapshot, SocketAddress socketAddress)&#xD;
[xUnit.net 00:00:08.28]            at System.Net.Sockets.Socket.Connect(EndPoint remoteEP)&#xD;
[xUnit.net 00:00:08.28]         /_/src/csharp/Microsoft.Spark/Network/DefaultSocketWrapper.cs(75,0): at Microsoft.Spark.Network.DefaultSocketWrapper.Connect(IPAddress remoteaddr, Int32 port, String secret)&#xD;
[xUnit.net 00:00:08.28]         /_/src/csharp/Microsoft.Spark/Interop/Ipc/JvmBridge.cs(82,0): at Microsoft.Spark.Interop.Ipc.JvmBridge.GetConnection()&#xD;
[xUnit.net 00:00:08.28]         /_/src/csharp/Microsoft.Spark/Interop/Ipc/JvmBridge.cs(224,0): at Microsoft.Spark.Interop.Ipc.JvmBridge.CallJavaMethod(Boolean isStatic, Object classNameOrJvmObjectReference, String methodName, Object[] args)&#xD;
[xUnit.net 00:00:08.28]         /_/src/csharp/Microsoft.Spark/Interop/Ipc/JvmBridge.cs(108,0): at Microsoft.Spark.Interop.Ipc.JvmBridge.CallStaticJavaMethod(String className, String methodName, Object[] args)&#xD;
[xUnit.net 00:00:08.28]         /_/src/csharp/Microsoft.Spark/Sql/Builder.cs(21,0): at Microsoft.Spark.Sql.Builder..ctor()&#xD;
[xUnit.net 00:00:08.28]         /_/src/csharp/Microsoft.Spark/Sql/SparkSession.cs(60,0): at Microsoft.Spark.Sql.SparkSession.Builder()&#xD;
[xUnit.net 00:00:08.28]         C:\___work\game\tests\Game.Chess.Tests.Unit\PolicyTests.cs(30,0): at Game.Chess.Tests.Unit.ChessPolicyTests.get_Spark()&#xD;
[xUnit.net 00:00:08.28]         C:\___work\game\tests\Game.Chess.Tests.Unit\PolicyTests.cs(90,0): at Game.Chess.Tests.Unit.ChessPolicyTests.PieceFactory_ReturnsCorrectNumberOfRows()&#xD;
[xUnit.net 00:00:08.28]            at System.RuntimeMethodHandle.InvokeMethod(Object target, Void** arguments, Signature sig, Boolean isConstructor)&#xD;
[xUnit.net 00:00:08.28]            at System.Reflection.MethodBaseInvoker.InvokeWithNoArgs(Object obj, BindingFlags invokeAttr)&#xD;
[xUnit.net 00:00:08.28]   Finished:    Game.Chess.Tests.Unit&#xD;
</StdOut>
    </Output>
    <RunInfos>
      <RunInfo computerName="DESKTOP-BQPLF6I" outcome="Error" timestamp="2025-11-09T17:35:42.3528594-05:00">
        <Text>[xUnit.net 00:00:02.18]     Game.Chess.Tests.Unit.ChessPolicyTests.GetPerspectives_AssignsGenericFlagsCorrectly [FAIL]</Text>
      </RunInfo>
      <RunInfo computerName="DESKTOP-BQPLF6I" outcome="Error" timestamp="2025-11-09T17:35:44.3795199-05:00">
        <Text>[xUnit.net 00:00:04.21]     Game.Chess.Tests.Unit.ChessPolicyTests.PatternFactory_ReturnsPatterns [FAIL]</Text>
      </RunInfo>
      <RunInfo computerName="DESKTOP-BQPLF6I" outcome="Error" timestamp="2025-11-09T17:35:46.4188182-05:00">
        <Text>[xUnit.net 00:00:06.25]     Game.Chess.Tests.Unit.ChessPolicyTests.TimelineService_GeneratesCorrectTimesteps [FAIL]</Text>
      </RunInfo>
      <RunInfo computerName="DESKTOP-BQPLF6I" outcome="Error" timestamp="2025-11-09T17:35:48.4477367-05:00">
        <Text>[xUnit.net 00:00:08.28]     Game.Chess.Tests.Unit.ChessPolicyTests.PieceFactory_ReturnsCorrectNumberOfRows [FAIL]</Text>
      </RunInfo>
    </RunInfos>
  </ResultSummary>
</TestRun>